MPLINK 4.49, Linker
Linker Map File - Created Thu Apr 22 12:52:36 2021

                                 Section Info
                  Section       Type    Address   Location Size(Bytes)
                ---------  ---------  ---------  ---------  ---------
                   .org_0       code   0x000000    program   0x000000
                   .org_1       code   0x000000    program   0x000004
                   .org_2       code   0x000008    program   0x000002
                   .org_3       code   0x000018    program   0x0002f4



                              Program Memory Usage 
                               Start         End      
                           ---------   ---------      
                            0x000000    0x000003      
                            0x000008    0x000009      
                            0x000018    0x00030b      
            762 out of 33048 program addresses used, program memory utilization is 2%



                              Symbols - Sorted by Name
                     Name    Address   Location    Storage File                     
                ---------  ---------  ---------  --------- ---------                
                    AGAIN   0x00002c    program     static F:\Micro lab Final project\project1.asm
                   AGAIN1   0x00010e    program     static F:\Micro lab Final project\project1.asm
                   AGAIN2   0x000112    program     static F:\Micro lab Final project\project1.asm
                    BLOFF   0x000104    program     static F:\Micro lab Final project\project1.asm
                     BLON   0x0000fe    program     static F:\Micro lab Final project\project1.asm
                    DELAY   0x00010a    program     static F:\Micro lab Final project\project1.asm
                     LOOP   0x000034    program     static F:\Micro lab Final project\project1.asm
                    LOOP2   0x00004e    program     static F:\Micro lab Final project\project1.asm
                    LOOP3   0x000068    program     static F:\Micro lab Final project\project1.asm
                    start   0x00001a    program     static F:\Micro lab Final project\project1.asm



                              Symbols - Sorted by Address
                     Name    Address   Location    Storage File                     
                ---------  ---------  ---------  --------- ---------                
                    start   0x00001a    program     static F:\Micro lab Final project\project1.asm
                    AGAIN   0x00002c    program     static F:\Micro lab Final project\project1.asm
                     LOOP   0x000034    program     static F:\Micro lab Final project\project1.asm
                    LOOP2   0x00004e    program     static F:\Micro lab Final project\project1.asm
                    LOOP3   0x000068    program     static F:\Micro lab Final project\project1.asm
                     BLON   0x0000fe    program     static F:\Micro lab Final project\project1.asm
                    BLOFF   0x000104    program     static F:\Micro lab Final project\project1.asm
                    DELAY   0x00010a    program     static F:\Micro lab Final project\project1.asm
                   AGAIN1   0x00010e    program     static F:\Micro lab Final project\project1.asm
                   AGAIN2   0x000112    program     static F:\Micro lab Final project\project1.asm


